[    0.000000] Initializing cgroup subsys cpuset
[    0.000000] Initializing cgroup subsys cpu
[    0.000000] Initializing cgroup subsys cpuacct
[    0.000000] Linux version 4.4.0-210-generic (buildd@lgw01-amd64-009) (gcc version 5.4.0 20160609 (Ubuntu 5.4.0-6ubuntu1~16.04.12) ) #242-Ubuntu SMP Fri Apr 16 09:57:56 UTC 2021 (Ubuntu 4.4.0-210.242-generic 4.4.262)
[    0.000000] Command line: BOOT_IMAGE=/boot/vmlinuz-4.4.0-210-generic root=LABEL=cloudimg-rootfs ro console=tty1 console=ttyS0
[    0.000000] KERNEL supported cpus:
[    0.000000]   Intel GenuineIntel
[    0.000000]   AMD AuthenticAMD
[    0.000000]   Centaur CentaurHauls
[    0.000000] x86/fpu: xstate_offset[2]:  576, xstate_sizes[2]:  256
[    0.000000] x86/fpu: Supporting XSAVE feature 0x01: 'x87 floating point registers'
[    0.000000] x86/fpu: Supporting XSAVE feature 0x02: 'SSE registers'
[    0.000000] x86/fpu: Supporting XSAVE feature 0x04: 'AVX registers'
[    0.000000] x86/fpu: Enabled xstate features 0x7, context size is 832 bytes, using 'standard' format.
[    0.000000] e820: BIOS-provided physical RAM map:
[    0.000000] BIOS-e820: [mem 0x0000000000000000-0x000000000009fbff] usable
[    0.000000] BIOS-e820: [mem 0x000000000009fc00-0x000000000009ffff] reserved
[    0.000000] BIOS-e820: [mem 0x00000000000f0000-0x00000000000fffff] reserved
[    0.000000] BIOS-e820: [mem 0x0000000000100000-0x000000003ffeffff] usable
[    0.000000] BIOS-e820: [mem 0x000000003fff0000-0x000000003fffffff] ACPI data
[    0.000000] BIOS-e820: [mem 0x00000000fec00000-0x00000000fec00fff] reserved
[    0.000000] BIOS-e820: [mem 0x00000000fee00000-0x00000000fee00fff] reserved
[    0.000000] BIOS-e820: [mem 0x00000000fffc0000-0x00000000ffffffff] reserved
[    0.000000] NX (Execute Disable) protection: active
[    0.000000] SMBIOS 2.5 present.
[    0.000000] Hypervisor detected: KVM
[    0.000000] e820: last_pfn = 0x3fff0 max_arch_pfn = 0x400000000
[    0.000000] MTRR: Disabled
[    0.000000] x86/PAT: MTRRs disabled, skipping PAT initialization too.
[    0.000000] CPU MTRRs all blank - virtualized system.
[    0.000000] x86/PAT: Configuration [0-7]: WB  WT  UC- UC  WB  WT  UC- UC  
[    0.000000] found SMP MP-table at [mem 0x0009fff0-0x0009ffff] mapped at [ffff88000009fff0]
[    0.000000] Scanning 1 areas for low memory corruption
[    0.000000] RAMDISK: [mem 0x362dc000-0x37165fff]
[    0.000000] ACPI: Early table checksum verification disabled
[    0.000000] ACPI: RSDP 0x00000000000E0000 000024 (v02 VBOX  )
[    0.000000] ACPI: XSDT 0x000000003FFF0030 00003C (v01 VBOX   VBOXXSDT 00000001 ASL  00000061)
[    0.000000] ACPI: FACP 0x000000003FFF00F0 0000F4 (v04 VBOX   VBOXFACP 00000001 ASL  00000061)
[    0.000000] ACPI: DSDT 0x000000003FFF0470 002325 (v02 VBOX   VBOXBIOS 00000002 INTL 20120111)
[    0.000000] ACPI: FACS 0x000000003FFF0200 000040
[    0.000000] ACPI: FACS 0x000000003FFF0200 000040
[    0.000000] ACPI: APIC 0x000000003FFF0240 00005C (v02 VBOX   VBOXAPIC 00000001 ASL  00000061)
[    0.000000] ACPI: SSDT 0x000000003FFF02A0 0001CC (v01 VBOX   VBOXCPUT 00000002 INTL 20120111)
[    0.000000] No NUMA configuration found
[    0.000000] Faking a node at [mem 0x0000000000000000-0x000000003ffeffff]
[    0.000000] NODE_DATA(0) allocated [mem 0x3ffeb000-0x3ffeffff]
[    0.000000] kvm-clock: Using msrs 4b564d01 and 4b564d00
[    0.000000] kvm-clock: cpu 0, msr 0:3ffe3001, primary cpu clock
[    0.000000] kvm-clock: using sched offset of 35156352204 cycles
[    0.000000] clocksource: kvm-clock: mask: 0xffffffffffffffff max_cycles: 0x1cd42e4dffb, max_idle_ns: 881590591483 ns
[    0.000000] Zone ranges:
[    0.000000]   DMA      [mem 0x0000000000001000-0x0000000000ffffff]
[    0.000000]   DMA32    [mem 0x0000000001000000-0x000000003ffeffff]
[    0.000000]   Normal   empty
[    0.000000]   Device   empty
[    0.000000] Movable zone start for each node
[    0.000000] Early memory node ranges
[    0.000000]   node   0: [mem 0x0000000000001000-0x000000000009efff]
[    0.000000]   node   0: [mem 0x0000000000100000-0x000000003ffeffff]
[    0.000000] Initmem setup node 0 [mem 0x0000000000001000-0x000000003ffeffff]
[    0.000000] ACPI: PM-Timer IO Port: 0x4008
[    0.000000] IOAPIC[0]: apic_id 2, version 32, address 0xfec00000, GSI 0-23
[    0.000000] ACPI: INT_SRC_OVR (bus 0 bus_irq 0 global_irq 2 dfl dfl)
[    0.000000] ACPI: INT_SRC_OVR (bus 0 bus_irq 9 global_irq 9 low level)
[    0.000000] Using ACPI (MADT) for SMP configuration information
[    0.000000] smpboot: Allowing 2 CPUs, 0 hotplug CPUs
[    0.000000] PM: Registered nosave memory: [mem 0x00000000-0x00000fff]
[    0.000000] PM: Registered nosave memory: [mem 0x0009f000-0x0009ffff]
[    0.000000] PM: Registered nosave memory: [mem 0x000a0000-0x000effff]
[    0.000000] PM: Registered nosave memory: [mem 0x000f0000-0x000fffff]
[    0.000000] e820: [mem 0x40000000-0xfebfffff] available for PCI devices
[    0.000000] Booting paravirtualized kernel on KVM
[    0.000000] clocksource: refined-jiffies: mask: 0xffffffff max_cycles: 0xffffffff, max_idle_ns: 7645519600211568 ns
[    0.000000] setup_percpu: NR_CPUS:512 nr_cpumask_bits:512 nr_cpu_ids:2 nr_node_ids:1
[    0.000000] PERCPU: Embedded 33 pages/cpu @ffff88003fc00000 s95192 r8192 d31784 u1048576
[    0.000000] Built 1 zonelists in Node order, mobility grouping on.  Total pages: 257912
[    0.000000] Policy zone: DMA32
[    0.000000] Kernel command line: BOOT_IMAGE=/boot/vmlinuz-4.4.0-210-generic root=LABEL=cloudimg-rootfs ro console=tty1 console=ttyS0
[    0.000000] PID hash table entries: 4096 (order: 3, 32768 bytes)
[    0.000000] Memory: 997792K/1048120K available (8644K kernel code, 1332K rwdata, 4044K rodata, 1492K init, 1164K bss, 50328K reserved, 0K cma-reserved)
[    0.000000] SLUB: HWalign=64, Order=0-3, MinObjects=0, CPUs=2, Nodes=1
[    0.000000] Kernel/User page tables isolation: enabled
[    0.000000] Hierarchical RCU implementation.
[    0.000000] 	Build-time adjustment of leaf fanout to 64.
[    0.000000] 	RCU restricting CPUs from NR_CPUS=512 to nr_cpu_ids=2.
[    0.000000] RCU: Adjusting geometry for rcu_fanout_leaf=64, nr_cpu_ids=2
[    0.000000] NR_IRQS:33024 nr_irqs:440 16
[    0.000000] Console: colour VGA+ 80x25
[    0.000000] console [tty1] enabled
[    0.000000] console [ttyS0] enabled
[    0.000000] tsc: Detected 2807.998 MHz processor
[    5.693529] Calibrating delay loop (skipped) preset value.. 5615.99 BogoMIPS (lpj=11231992)
[    5.875446] pid_max: default: 32768 minimum: 301
[    5.910733] ACPI: Core revision 20150930
[    5.944633] ACPI: 2 ACPI AML tables successfully acquired and loaded
[    5.988943] Security Framework initialized
[    6.008416] Yama: becoming mindful.
[    6.027470] AppArmor: AppArmor initialized
[    6.095126] Dentry cache hash table entries: 131072 (order: 8, 1048576 bytes)
[    6.260964] Inode-cache hash table entries: 65536 (order: 7, 524288 bytes)
[    6.361630] Mount-cache hash table entries: 2048 (order: 2, 16384 bytes)
[    6.459802] Mountpoint-cache hash table entries: 2048 (order: 2, 16384 bytes)
[    6.545124] Initializing cgroup subsys io
[    6.657627] Initializing cgroup subsys memory
[    6.726760] Initializing cgroup subsys devices
[    6.874310] Initializing cgroup subsys freezer
[    6.961283] Initializing cgroup subsys net_cls
[    7.126489] Initializing cgroup subsys perf_event
[    7.163776] Initializing cgroup subsys net_prio
[    7.195016] Initializing cgroup subsys hugetlb
[    7.213838] Initializing cgroup subsys pids
[    7.580393] mce: CPU supports 0 MCE banks
[    7.646868] Last level iTLB entries: 4KB 64, 2MB 8, 4MB 8
[    7.692759] Last level dTLB entries: 4KB 64, 2MB 0, 4MB 0, 1GB 4
[    7.760890] Spectre V1 : Mitigation: usercopy/swapgs barriers and __user pointer sanitization
[    7.898054] Spectre V2 : Mitigation: Full generic retpoline
[    7.997881] Spectre V2 : Spectre v2 / SpectreRSB mitigation: Filling RSB on context switch
[    8.130505] Speculative Store Bypass: Vulnerable
[    8.165608] SRBDS: Unknown: Dependent on hypervisor status
[    8.197766] MDS: Mitigation: Clear CPU buffers
[    8.311731] Freeing SMP alternatives memory: 36K
[    8.496379] ftrace: allocating 32380 entries in 127 pages
[    9.966198] smpboot: APIC(0) Converting physical 0 to logical package 0
[   10.013795] smpboot: Max logical packages: 1
[   10.035407] x2apic enabled
[   10.066720] Switched APIC routing to physical x2apic.
[   10.118455] ..TIMER: vector=0x30 apic1=0 pin1=2 apic2=-1 pin2=-1
[   10.265537] APIC calibration not consistent with PM-Timer: 101ms instead of 100ms
[   10.299993] APIC delta adjusted to PM-Timer: 6265402 (6380662)
[   10.332332] smpboot: CPU0: Intel(R) Core(TM) i7-7700HQ CPU @ 2.80GHz (family: 0x6, model: 0x9e, stepping: 0x9)
[   10.401704] Performance Events: unsupported p6 CPU model 158 no PMU driver, software events only.
[   10.653614] KVM setup paravirtual spinlock
[   10.699882] x86: Booting SMP configuration:
[   10.716085] .... node  #0, CPUs:      #1
[   10.732593] kvm-clock: cpu 1, msr 0:3ffe3041, secondary cpu clock
[   10.954679] mce: CPU supports 0 MCE banks
[   10.971687] x86: Booted up 1 node, 2 CPUs
[   10.988098] smpboot: Total of 2 processors activated (11231.99 BogoMIPS)
[   11.033941] devtmpfs: initialized
[   11.068672] evm: security.selinux
[   11.083695] evm: security.SMACK64
[   11.088000] evm: security.SMACK64EXEC
[   11.105077] evm: security.SMACK64TRANSMUTE
[   11.133909] evm: security.SMACK64MMAP
[   11.151382] evm: security.ima
[   11.167606] evm: security.capability
[   11.183807] clocksource: jiffies: mask: 0xffffffff max_cycles: 0xffffffff, max_idle_ns: 7645041785100000 ns
[   11.220231] futex hash table entries: 512 (order: 3, 32768 bytes)
[   11.285420] pinctrl core: initialized pinctrl subsystem
[   11.334832] RTC time: 13:29:28, date: 07/26/22
[   11.369933] NET: Registered protocol family 16
[   11.418517] cpuidle: using governor ladder
[   11.450801] cpuidle: using governor menu
[   11.456160] PCCT header not found.
[   11.471657] ACPI: bus type PCI registered
[   11.487144] acpiphp: ACPI Hot Plug PCI Controller Driver version: 0.5
[   11.523033] PCI: Using configuration type 1 for base access
[   11.588736] ACPI: Added _OSI(Module Device)
[   11.620031] ACPI: Added _OSI(Processor Device)
[   11.654424] ACPI: Added _OSI(3.0 _SCP Extensions)
[   11.685072] ACPI: Added _OSI(Processor Aggregator Device)
[   11.718406] ACPI: Executed 1 blocks of module-level executable AML code
[   11.786183] ACPI: Interpreter enabled
[   11.802787] ACPI: (supports S0 S5)
[   11.818897] ACPI: Using IOAPIC for interrupt routing
[   11.836488] PCI: Using host bridge windows from ACPI; if necessary, use "pci=nocrs" and report a bug
[   11.939059] ACPI: PCI Root Bridge [PCI0] (domain 0000 [bus 00-ff])
[   11.968161] acpi PNP0A03:00: _OSC: OS supports [ASPM ClockPM Segments MSI]
[   11.989128] acpi PNP0A03:00: _OSC: not requesting OS control; OS requires [ExtendedConfig ASPM ClockPM MSI]
[   12.038223] acpi PNP0A03:00: fail to add MMCONFIG information, can't access extended PCI configuration space under this bridge.
[   12.090825] PCI host bridge to bus 0000:00
[   12.106913] pci_bus 0000:00: root bus resource [io  0x0000-0x0cf7 window]
[   12.140165] pci_bus 0000:00: root bus resource [io  0x0d00-0xffff window]
[   12.171281] pci_bus 0000:00: root bus resource [mem 0x000a0000-0x000bffff window]
[   12.203109] pci_bus 0000:00: root bus resource [mem 0x40000000-0xfdffffff window]
[   12.236638] pci_bus 0000:00: root bus resource [bus 00-ff]
[   12.456619] pci 0000:00:01.1: legacy IDE quirk: reg 0x10: [io  0x01f0-0x01f7]
[   12.488447] pci 0000:00:01.1: legacy IDE quirk: reg 0x14: [io  0x03f6]
[   12.521156] pci 0000:00:01.1: legacy IDE quirk: reg 0x18: [io  0x0170-0x0177]
[   12.553349] pci 0000:00:01.1: legacy IDE quirk: reg 0x1c: [io  0x0376]
[   12.805684] pci 0000:00:07.0: quirk: [io  0x4000-0x403f] claimed by PIIX4 ACPI
[   12.840398] pci 0000:00:07.0: quirk: [io  0x4100-0x410f] claimed by PIIX4 SMB
[   13.041123] ACPI: PCI Interrupt Link [LNKA] (IRQs 5 9 10 *11)
[   13.075287] ACPI: PCI Interrupt Link [LNKB] (IRQs 5 9 *10 11)
[   13.107621] ACPI: PCI Interrupt Link [LNKC] (IRQs 5 *9 10 11)
[   13.157451] ACPI: PCI Interrupt Link [LNKD] (IRQs 5 9 10 *11)
[   13.187713] ACPI: Enabled 2 GPEs in block 00 to 07
[   13.206131] vgaarb: setting as boot device: PCI:0000:00:02.0
[   13.223914] vgaarb: device added: PCI:0000:00:02.0,decodes=io+mem,owns=io+mem,locks=none
[   13.276392] vgaarb: loaded
[   13.291238] vgaarb: bridge control possible 0000:00:02.0
[   13.309654] SCSI subsystem initialized
[   13.326595] ACPI: bus type USB registered
[   13.342644] usbcore: registered new interface driver usbfs
[   13.393395] usbcore: registered new interface driver hub
[   13.442535] usbcore: registered new device driver usb
[   13.509510] PCI: Using ACPI for IRQ routing
[   13.557086] NetLabel: Initializing
[   13.572360] NetLabel:  domain hash size = 128
[   13.588392] NetLabel:  protocols = UNLABELED CIPSOv4
[   13.605282] NetLabel:  unlabeled traffic allowed by default
[   13.641750] amd_nb: Cannot enumerate AMD northbridges
[   13.673530] clocksource: Switched to clocksource kvm-clock
[   13.843573] AppArmor: AppArmor Filesystem Enabled
[   13.905748] pnp: PnP ACPI init
[   13.974688] pnp: PnP ACPI: found 3 devices
[   14.061772] clocksource: acpi_pm: mask: 0xffffff max_cycles: 0xffffff, max_idle_ns: 2085701024 ns
[   14.108612] NET: Registered protocol family 2
[   14.144843] TCP established hash table entries: 8192 (order: 4, 65536 bytes)
[   14.224788] TCP bind hash table entries: 8192 (order: 5, 131072 bytes)
[   14.325979] TCP: Hash tables configured (established 8192 bind 8192)
[   14.429086] UDP hash table entries: 512 (order: 2, 16384 bytes)
[   14.492755] UDP-Lite hash table entries: 512 (order: 2, 16384 bytes)
[   14.528498] NET: Registered protocol family 1
[   14.591988] pci 0000:00:00.0: Limiting direct PCI/PCI transfers
[   14.624560] pci 0000:00:01.0: Activating ISA DMA hang workarounds
[   14.661462] Unpacking initramfs...
[   18.417561] Freeing initrd memory: 14888K
[   18.433675] clocksource: tsc: mask: 0xffffffffffffffff max_cycles: 0x2879c456dd4, max_idle_ns: 440795285767 ns
[   18.467132] platform rtc_cmos: registered platform RTC device (no PNP device found)
[   18.517885] Scanning for low memory corruption every 60 seconds
[   18.537102] audit: initializing netlink subsys (disabled)
[   18.565953] audit: type=2000 audit(1658842203.905:1): initialized
[   18.585182] Initialise system trusted keyring
[   18.616957] HugeTLB registered 2 MB page size, pre-allocated 0 pages
[   18.666667] zbud: loaded
[   18.682371] VFS: Disk quotas dquot_6.6.0
[   18.687071] VFS: Dquot-cache hash table entries: 512 (order 0, 4096 bytes)
[   18.717133] squashfs: version 4.0 (2009/01/31) Phillip Lougher
[   18.766959] fuse init (API version 7.23)
[   18.782689] Key type big_key registered
[   18.787574] Allocating IMA MOK and blacklist keyrings.
[   18.833772] Key type asymmetric registered
[   18.849652] Asymmetric key parser 'x509' registered
[   18.869651] Block layer SCSI generic (bsg) driver version 0.4 loaded (major 249)
[   18.901854] io scheduler noop registered
[   18.917035] io scheduler deadline registered (default)
[   18.933964] io scheduler cfq registered
[   18.949462] pci_hotplug: PCI Hot Plug PCI Core version: 0.5
[   18.967208] pciehp: PCI Express Hot Plug Controller Driver version: 0.4
[   19.001134] ACPI: AC Adapter [AC] (on-line)
[   19.020108] input: Power Button as /devices/LNXSYSTM:00/LNXPWRBN:00/input/input0
[   19.050683] ACPI: Power Button [PWRF]
[   19.069209] input: Sleep Button as /devices/LNXSYSTM:00/LNXSLPBN:00/input/input1
[   19.102980] ACPI: Sleep Button [SLPF]
[   19.135083] GHES: HEST is not enabled!
[   19.152777] ACPI: Battery Slot [BAT0] (battery present)
[   19.171728] Serial: 8250/16550 driver, 32 ports, IRQ sharing enabled
[   19.268834] 00:02: ttyS0 at I/O 0x3f8 (irq = 4, base_baud = 115200) is a 16550A
[   19.321191] Linux agpgart interface v0.103
[   19.385675] loop: module loaded
[   19.405877] scsi host0: ata_piix
[   19.433784] scsi host1: ata_piix
[   19.438798] ata1: PATA max UDMA/33 cmd 0x1f0 ctl 0x3f6 bmdma 0xd000 irq 14
[   19.469873] ata2: PATA max UDMA/33 cmd 0x170 ctl 0x376 bmdma 0xd008 irq 15
[   19.505513] libphy: Fixed MDIO Bus: probed
[   19.534284] tun: Universal TUN/TAP device driver, 1.6
[   19.552678] tun: (C) 1999-2004 Max Krasnyansky <maxk@qualcomm.com>
[   19.583688] PPP generic driver version 2.4.2
[   19.602276] ehci_hcd: USB 2.0 'Enhanced' Host Controller (EHCI) Driver
[   19.637306] ehci-pci: EHCI PCI platform driver
[   19.670542] ehci-platform: EHCI generic platform driver
[   19.702673] ohci_hcd: USB 1.1 'Open' Host Controller (OHCI) Driver
[   19.737446] ohci-pci: OHCI PCI platform driver
[   19.769314] ohci-platform: OHCI generic platform driver
[   19.788350] uhci_hcd: USB Universal Host Controller Interface driver
[   19.823331] i8042: PNP: PS/2 Controller [PNP0303:PS2K,PNP0f03:PS2M] at 0x60,0x64 irq 1,12
[   19.885912] serio: i8042 KBD port at 0x60,0x64 irq 1
[   19.905637] serio: i8042 AUX port at 0x60,0x64 irq 12
[   19.922999] mousedev: PS/2 mouse device common for all mice
[   19.955423] rtc_cmos rtc_cmos: rtc core: registered rtc_cmos as rtc0
[   19.988516] input: AT Translated Set 2 keyboard as /devices/platform/i8042/serio0/input/input2
[   20.035227] rtc_cmos rtc_cmos: alarms up to one day, 114 bytes nvram
[   20.053513] i2c /dev entries driver
[   20.071310] device-mapper: uevent: version 1.0.3
[   20.088710] device-mapper: ioctl: 4.34.0-ioctl (2015-10-28) initialised: dm-devel@redhat.com
[   20.137744] ledtrig-cpu: registered to indicate activity on CPUs
[   20.168504] NET: Registered protocol family 10
[   20.186444] NET: Registered protocol family 17
[   20.204923] Key type dns_resolver registered
[   20.237003] registered taskstats version 1
[   20.255884] Loading compiled-in X.509 certificates
[   20.287133] Loaded X.509 cert 'Build time autogenerated kernel key: cf00e047681d67edb2720680708b7d9498083038'
[   20.323432] zswap: loaded using pool lzo/zbud
[   20.386211] Key type trusted registered
[   20.453166] Key type encrypted registered
[   20.469679] AppArmor: AppArmor sha1 policy hashing enabled
[   20.490162] ima: No TPM chip found, activating TPM-bypass!
[   20.519145] ima: Allocated hash algorithm: sha1
[   20.535374] evm: HMAC attrs: 0x1
[   20.553413]   Magic number: 14:265:484
[   20.569975] rtc_cmos rtc_cmos: setting system clock to 2022-07-26 13:29:37 UTC (1658842177)
[   20.602973] BIOS EDD facility v0.16 2004-Jun-25, 0 devices found
[   20.623831] EDD information not available.
[   20.655898] Freeing unused kernel memory: 1492K
[   20.689817] Write protecting the kernel read-only data: 14336k
[   20.720152] Freeing unused kernel memory: 1584K
[   20.739565] Freeing unused kernel memory: 52K
Loading, please wait...
starting version 229
[   20.940566] random: systemd-udevd: uninitialized urandom read (16 bytes read, 13 bits of entropy available)
[   20.954652] random: udevadm: uninitialized urandom read (16 bytes read, 13 bits of entropy available)
[   20.955015] random: udevadm: uninitialized urandom read (16 bytes read, 13 bits of entropy available)
[   21.054614] random: systemd-udevd: uninitialized urandom read (16 bytes read, 13 bits of entropy available)
[   21.075487] random: udevadm: uninitialized urandom read (16 bytes read, 13 bits of entropy available)
[   21.086139] random: udevadm: uninitialized urandom read (16 bytes read, 13 bits of entropy available)
[   21.086787] random: udevadm: uninitialized urandom read (16 bytes read, 13 bits of entropy available)
[   21.087016] random: udevadm: uninitialized urandom read (16 bytes read, 13 bits of entropy available)
[   21.087234] random: udevadm: uninitialized urandom read (16 bytes read, 13 bits of entropy available)
[   21.087455] random: udevadm: uninitialized urandom read (16 bytes read, 13 bits of entropy available)
[   22.010374] e1000: Intel(R) PRO/1000 Network Driver - version 7.3.21-k8-NAPI
[   22.038619] Fusion MPT base driver 3.04.20
[   22.038621] Copyright (c) 1999-2008 LSI Corporation
[   22.091922] e1000: Copyright (c) 1999-2006 Intel Corporation.
[   22.327559] Fusion MPT SPI Host driver 3.04.20
[   22.493911] input: ImExPS/2 Generic Explorer Mouse as /devices/platform/i8042/serio1/input/input4
[   22.862173] AVX2 version of gcm_enc/dec engaged.
[   22.890816] AES CTR mode by8 optimization enabled
[   25.517161] e1000 0000:00:03.0 eth0: (PCI:33MHz:32-bit) 02:be:82:6b:cc:1d
[   25.546473] e1000 0000:00:03.0 eth0: Intel(R) PRO/1000 Network Connection
[   25.581063] mptbase: ioc0: Initiating bringup
[   26.484721] ioc0: LSI53C1030 A0: Capabilities={Initiator}
[   28.872272] scsi host2: ioc0: LSI53C1030 A0, FwRev=00000000h, Ports=1, MaxQ=256, IRQ=20
[   29.186217] scsi 2:0:0:0: Direct-Access     VBOX     HARDDISK         1.0  PQ: 0 ANSI: 5
[   29.238070] scsi target2:0:0: Beginning Domain Validation
[   29.289519] scsi target2:0:0: Domain Validation skipping write tests
[   29.323622] scsi target2:0:0: Ending Domain Validation
[   29.354651] scsi target2:0:0: asynchronous
[   29.390399] scsi 2:0:1:0: Direct-Access     VBOX     HARDDISK         1.0  PQ: 0 ANSI: 5
[   29.424008] scsi target2:0:1: Beginning Domain Validation
[   29.621683] scsi target2:0:1: Domain Validation skipping write tests
[   29.640486] scsi target2:0:1: Ending Domain Validation
[   29.658898] scsi target2:0:1: asynchronous
[   29.753959] sd 2:0:0:0: Attached scsi generic sg0 type 0
[   29.786533] sd 2:0:0:0: [sda] 83886080 512-byte logical blocks: (42.9 GB/40.0 GiB)
[   29.825714] sd 2:0:1:0: [sdb] 20480 512-byte logical blocks: (10.5 MB/10.0 MiB)
[   29.859224] sd 2:0:1:0: Attached scsi generic sg1 type 0
[   29.890342] sd 2:0:0:0: [sda] Write Protect is off
[   29.921120] sd 2:0:0:0: [sda] Incomplete mode parameter data
[   29.939672] sd 2:0:0:0: [sda] Assuming drive cache: write through
[   29.972887] sd 2:0:1:0: [sdb] Write Protect is off
[   30.003910] sd 2:0:1:0: [sdb] Incomplete mode parameter data
[   30.023725] sd 2:0:1:0: [sdb] Assuming drive cache: write through
[   30.088021]  sda: sda1
[   30.139838] sd 2:0:1:0: [sdb] Attached SCSI disk
[   30.158596] sd 2:0:0:0: [sda] Attached SCSI disk
[   31.913218] e1000 0000:00:08.0 eth1: (PCI:33MHz:32-bit) 08:00:27:a0:d9:af
[   31.944968] e1000 0000:00:08.0 eth1: Intel(R) PRO/1000 Network Connection
[   31.995268] e1000 0000:00:08.0 enp0s8: renamed from eth1
[   32.042089] e1000 0000:00:03.0 enp0s3: renamed from eth0
Begin: Loading essential drivers ... [   37.938651] md: linear personality registered for level -1
[   38.009156] md: multipath personality registered for level -4
[   38.089566] md: raid0 personality registered for level 0
[   38.193046] md: raid1 personality registered for level 1
[   38.373938] raid6: sse2x1   gen()   596 MB/s
[   38.457779] raid6: sse2x1   xor()   234 MB/s
[   38.572060] raid6: sse2x2   gen()   737 MB/s
[   38.657946] raid6: sse2x2   xor()   400 MB/s
[   38.771777] raid6: sse2x4   gen()   827 MB/s
[   38.855705] raid6: sse2x4   xor()   365 MB/s
[   38.938993] raid6: avx2x1   gen()  1127 MB/s
[   39.056521] raid6: avx2x2   gen()  1830 MB/s
[   39.141734] raid6: avx2x4   gen()  1752 MB/s
[   39.158105] raid6: using algorithm avx2x2 gen() 1830 MB/s
[   39.189421] raid6: using avx2x2 recovery algorithm
[   39.227550] xor: automatically using best checksumming function:
[   39.322980]    avx       :  3674.000 MB/sec
[   39.357012] async_tx: api initialized (async)
[   39.526655] md: raid6 personality registered for level 6
[   39.556966] md: raid5 personality registered for level 5
[   39.578785] md: raid4 personality registered for level 4
[   39.724932] md: raid10 personality registered for level 10
done.
Begin: Running /scripts/init-premount ... done.
Begin: Mounting root file system ... Begin: Running /scripts/local-top ... done.
Begin: Running /scripts/local-premount ... [   40.244137] Btrfs loaded
Scanning for Btrfs filesystems
done.
Warning: fsck not present, so skipping root file system
[   40.643628] EXT4-fs (sda1): INFO: recovery required on readonly filesystem
[   40.662647] EXT4-fs (sda1): write access will be enabled during recovery
[   40.728735] random: nonblocking pool is initialized
[   42.664435] EXT4-fs (sda1): recovery complete
[   42.683910] EXT4-fs (sda1): mounted filesystem with ordered data mode. Opts: (null)
done.
Begin: Running /scripts/local-bottom ... done.
Begin: Running /scripts/init-bottom ... done.
[   43.966329] systemd[1]: systemd 229 running in system mode. (+PAM +AUDIT +SELINUX +IMA +APPARMOR +SMACK +SYSVINIT +UTMP +LIBCRYPTSETUP +GCRYPT +GNUTLS +ACL +XZ -LZ4 +SECCOMP +BLKID +ELFUTILS +KMOD -IDN)
[   44.018165] systemd[1]: Detected virtualization oracle.
[   44.048480] systemd[1]: Detected architecture x86-64.

Welcome to [1mUbuntu 16.04.7 LTS[0m!

[   44.101332] systemd[1]: Set hostname to <web01>.
[   46.406349] systemd[1]: Set up automount Arbitrary Executable File Formats File System Automount Point.
[[0;32m  OK  [0m] Set up automount Arbitrary Executab...ats File System Automount Point.
[   46.840163] systemd[1]: Created slice System Slice.
[[0;32m  OK  [0m] Created slice System Slice.
[   46.988960] systemd[1]: Listening on Syslog Socket.
[[0;32m  OK  [0m] Listening on Syslog Socket.
[   47.038392] systemd[1]: Listening on Device-mapper event daemon FIFOs.
[[0;32m  OK  [0m] Listening on Device-mapper event daemon FIFOs.
[   47.087587] systemd[1]: Listening on udev Control Socket.
[[0;32m  OK  [0m] Listening on udev Control Socket.
[   47.120919] systemd[1]: Reached target System Time Synchronized.
[[0;32m  OK  [0m] Reached target System Time Synchronized.
[   47.158158] systemd[1]: Listening on udev Kernel Socket.
[[0;32m  OK  [0m] Listening on udev Kernel Socket.
[   47.207935] systemd[1]: Reached target Encrypted Volumes.
[[0;32m  OK  [0m] Reached target Encrypted Volumes.
[   47.256125] systemd[1]: Listening on Journal Socket.
[[0;32m  OK  [0m] Listening on Journal Socket.
[   47.338657] systemd[1]: Starting Set console keymap...
         Starting Set console keymap...
[   47.392760] systemd[1]: Starting Nameserver information manager...
         Starting Nameserver information manager...
[   47.574345] systemd[1]: Mounting Debug File System...
         Mounting Debug File System...
[   47.622651] systemd[1]: Listening on Journal Socket (/dev/log).
[[0;32m  OK  [0m] Listening on Journal Socket (/dev/log).
[   47.676481] systemd[1]: Created slice User and Session Slice.
[[0;32m  OK  [0m] Created slice User and Session Slice.
[   47.726744] systemd[1]: Reached target User and Group Name Lookups.
[[0;32m  OK  [0m] Reached target User and Group Name Lookups.
[   47.822325] systemd[1]: Starting Uncomplicated firewall...
         Starting Uncomplicated firewall...
[   47.872501] systemd[1]: Listening on LVM2 metadata daemon socket.
[[0;32m  OK  [0m] Listening on LVM2 metadata daemon socket.
[   47.974196] systemd[1]: Starting Monitoring of LVM2 mirrors, snapshots etc. using dmeventd or progress polling...
         Starting Monitoring of LVM2 mirrors... dmeventd or progress polling...
[   48.074504] systemd[1]: Starting Create list of required static device nodes for the current kernel...
         Starting Create list of required st... nodes for the current kernel...
[   48.140583] systemd[1]: Listening on LVM2 poll daemon socket.
[[0;32m  OK  [0m] Listening on LVM2 poll daemon socket.
[   48.193143] systemd[1]: Created slice system-serial\x2dgetty.slice.
[[0;32m  OK  [0m] Created slice system-serial\x2dgetty.slice.
[   48.243431] systemd[1]: Listening on Journal Audit Socket.
[[0;32m  OK  [0m] Listening on Journal Audit Socket.
[   48.323683] systemd[1]: Starting Journal Service...
         Starting Journal Service...
[   48.359881] systemd[1]: Mounting POSIX Message Queue File System...
         Mounting POSIX Message Queue File System...
[   48.410436] systemd[1]: Started Forward Password Requests to Wall Directory Watch.
[[0;32m  OK  [0m] Started Forward Password Requests to Wall Directory Watch.
[   48.526351] systemd[1]: Starting Load Kernel Modules...
         Starting Load Kernel Modules...
[   48.578553] systemd[1]: Started Trigger resolvconf update for networkd DNS.
[[0;32m  OK  [0m] Started Trigger resolvconf update for networkd DNS.
[   48.642167] systemd[1]: Listening on /dev/initctl Compatibility Named Pipe.
[[0;32m  OK  [0m] Listening on /dev/initctl Compatibility Named Pipe.
[   48.691407] systemd[1]: Reached target Slices.
[[0;32m  OK  [0m] Reached target Slices.
[   48.742849] Loading iSCSI transport class v2.0-870.
[   48.792355] systemd[1]: Mounting Huge Pages File System...
         Mounting Huge Pages File System...
[   48.860510] systemd[1]: Listening on fsck to fsckd communication Socket.
[[0;32m  OK  [0m] Listening on fsck to fsckd communication Socket.
[   48.942221] iscsi: registered transport (tcp)
[   48.975339] systemd[1]: Starting File System Check on Root Device...
         Starting File System Check on Root Device...
[   49.026002] systemd[1]: Reached target Swap.
[[0;32m  OK  [0m] Reached target Swap.
[   49.079953] systemd[1]: Mounted Huge Pages File System.
[[0;32m  OK  [0m] Mounted Huge Pages File System.
[   49.142685] systemd[1]: Mounted POSIX Message Queue File System.
[[0;32m  OK  [0m] Mounted POSIX Message Queue File System.
[   49.196996] systemd[1]: Mounted Debug File System.
[[0;32m  OK  [0m] Mounted Debug File System.
[   49.246451] systemd[1]: Started Journal Service.
[[0;32m  OK  [0m] Started Journal Service.
[[0;32m  OK  [0m] Started Set console keymap.
[[0;32m  OK  [0m] Started Uncomplicated firewall.
[[0;32m  OK  [0m] Started Create list of required sta...ce nodes for the current kernel.
[[0;32m  OK  [0m] Started File System Check on Root Device.
[[0;32m  OK  [0m] Started Nameserver information manager.
[   49.676709] iscsi: registered transport (iser)
[[0;32m  OK  [0m] Started File System Check Daemon to report status.
[[0;32m  OK  [0m] Started LVM2 metadata daemon.
         Starting Remount Root and Kernel File Systems...
         Starting Create Static Device Nodes in /dev...
[   49.944493] EXT4-fs (sda1): re-mounted. Opts: (null)
[[0;32m  OK  [0m] Started Load Kernel Modules.
[[0;32m  OK  [0m] Started Remount Root and Kernel File Systems.
         Starting Load/Save Random Seed...
         Starting udev Coldplug all Devices...
         Starting Flush Journal to Persistent Storage...
         Starting Apply Kernel Variables...
         Mounting FUSE Control File System...
[[0;32m  OK  [0m] Started Create Static Device Nodes in /dev.
[[0;32m  OK  [0m] Started Load/Save Random Seed.
         Starting udev Kernel Device Manager...
[   50.580778] systemd-journald[390]: Received request to flush runtime journal from PID 1
[[0;32m  OK  [0m] Started Apply Kernel Variables.
[[0;32m  OK  [0m] Started Monitoring of LVM2 mirrors,...ng dmeventd or progress polling.
[[0;32m  OK  [0m] Started Flush Journal to Persistent Storage.
[[0;32m  OK  [0m] Mounted FUSE Control File System.
[[0;32m  OK  [0m] Reached target Local File Systems (Pre).
[[0;32m  OK  [0m] Reached target Local File Systems.
         Starting Create Volatile Files and Directories...
         Starting Initial cloud-init job (pre-networking)...
         Starting LSB: AppArmor initialization...
         Starting Tell Plymouth To Write Out Runtime Data...
         Starting Set console font and keymap...
[[0;32m  OK  [0m] Started udev Kernel Device Manager.
[[0;32m  OK  [0m] Started Create Volatile Files and Directories.
[[0;32m  OK  [0m] Started Tell Plymouth To Write Out Runtime Data.
         Starting Update UTMP about System Boot/Shutdown...
[[0;32m  OK  [0m] Started Update UTMP about System Boot/Shutdown.
[[0;32m  OK  [0m] Started udev Coldplug all Devices.
[[0;32m  OK  [0m] Started Dispatch Password Requests to Console Directory Watch.
[[0;32m  OK  [0m] Started LSB: AppArmor initialization.
         Starting Load AppArmor profiles managed internally by snapd...
[[0;32m  OK  [0m] Started Load AppArmor profiles managed internally by snapd.
[[0;32m  OK  [0m] Found device /dev/ttyS0.
[[0;32m  OK  [0m] Found device 82540EM Gigabit Ethern...r (PRO/1000 MT Desktop Adapter).
[[0;32m  OK  [0m] Listening on Load/Save RF Kill Switch Status /dev/rfkill Watch.
[[0;32m  OK  [0m] Found device 82540EM Gigabit Ethern...r (PRO/1000 MT Desktop Adapter).
[[0;32m  OK  [0m] Started Set console font and keymap.
[[0;32m  OK  [0m] Created slice system-getty.slice.
[   61.712742] cloud-init[487]: Cloud-init v. 21.1-19-gbad84ad4-0ubuntu1~16.04.2 running 'init-local' at Tue, 26 Jul 2022 13:30:24 +0000. Up 57.53 seconds.
[[0;32m  OK  [0m] Started Initial cloud-init job (pre-networking).
[[0;32m  OK  [0m] Reached target Network (Pre).
         Starting Raise network interfaces...
[[0;32m  OK  [0m] Started ifup for enp0s8.
[[0;32m  OK  [0m] Started ifup for enp0s3.
[[0;32m  OK  [0m] Started Raise network interfaces.
[[0;32m  OK  [0m] Reached target Network.
         Starting Initial cloud-init job (metadata service crawler)...
[   85.225453] cloud-init[1106]: Cloud-init v. 21.1-19-gbad84ad4-0ubuntu1~16.04.2 running 'init' at Tue, 26 Jul 2022 13:30:40 +0000. Up 73.08 seconds.
[   85.274775] cloud-init[1106]: ci-info: ++++++++++++++++++++++++++++++++++++++Net device info+++++++++++++++++++++++++++++++++++++++
[   85.309893] cloud-init[1106]: ci-info: +--------+------+-----------------------------+---------------+--------+-------------------+
[   85.359180] cloud-init[1106]: ci-info: | Device |  Up  |           Address           |      Mask     | Scope  |     Hw-Address    |
[   85.425656] cloud-init[1106]: ci-info: +--------+------+-----------------------------+---------------+--------+-------------------+
[   85.475606] cloud-init[1106]: ci-info: | enp0s3 | True |          10.0.2.15          | 255.255.255.0 | global | 02:be:82:6b:cc:1d |
[   85.541861] cloud-init[1106]: ci-info: | enp0s3 | True |  fe80::be:82ff:fe6b:cc1d/64 |       .       |  link  | 02:be:82:6b:cc:1d |
[   85.593296] cloud-init[1106]: ci-info: | enp0s8 | True |        192.168.56.11        | 255.255.255.0 | global | 08:00:27:a0:d9:af |
[   85.661573] cloud-init[1106]: ci-info: | enp0s8 | True | fe80::a00:27ff:fea0:d9af/64 |       .       |  link  | 08:00:27:a0:d9:af |
[   85.740505] cloud-init[1106]: ci-info: |   lo   | True |          127.0.0.1          |   255.0.0.0   |  host  |         .         |
[   85.927296] cloud-init[1106]: ci-info: |   lo   | True |           ::1/128           |       .       |  host  |         .         |
[   86.040981] cloud-init[1106]: ci-info: +--------+------+-----------------------------+---------------+--------+-------------------+
[   86.108682] cloud-init[1106]: ci-info: ++++++++++++++++++++++++++++Route IPv4 info++++++++++++++++++++++++++++
[   86.174568] cloud-init[1106]: ci-info: +-------+--------------+----------+---------------+-----------+-------+
[   86.229342] cloud-init[1106]: ci-info: | Route | Destination  | Gateway  |    Genmask    | Interface | Flags |
[   86.359057] cloud-init[1106]: ci-info: +-------+--------------+----------+---------------+-----------+-------+
[   86.441714] cloud-init[1106]: ci-info: |   0   |   0.0.0.0    | 10.0.2.2 |    0.0.0.0    |   enp0s3  |   UG  |
[   86.642969] cloud-init[1106]: ci-info: |   1   |   10.0.2.0   | 0.0.0.0  | 255.255.255.0 |   enp0s3  |   U   |
[   86.713299] cloud-init[1106]: ci-info: |   2   | 192.168.56.0 | 0.0.0.0  | 255.255.255.0 |   enp0s8  |   U   |
[   86.761893] cloud-init[1106]: ci-info: +-------+--------------+----------+---------------+-----------+-------+
[   86.829680] cloud-init[1106]: ci-info: +++++++++++++++++++Route IPv6 info+++++++++++++++++++
[   86.878439] cloud-init[1106]: ci-info: +-------+-------------+---------+-----------+-------+
[   86.926480] cloud-init[1106]: ci-info: | Route | Destination | Gateway | Interface | Flags |
[   86.959828] cloud-init[1106]: ci-info: +-------+-------------+---------+-----------+-------+
[   87.010766] cloud-init[1106]: ci-info: |   0   |  fe80::/64  |    ::   |   enp0s8  |   U   |
[   87.045123] cloud-init[1106]: ci-info: |   1   |  fe80::/64  |    ::   |   enp0s3  |   U   |
[   87.093373] cloud-init[1106]: ci-info: |   5   |   ff00::/8  |    ::   |   enp0s8  |   U   |
[   87.194912] cloud-init[1106]: ci-info: |   6   |   ff00::/8  |    ::   |   enp0s3  |   U   |
[   87.279692] cloud-init[1106]: ci-info: +-------+-------------+---------+-----------+-------+
[[0;32m  OK  [0m] Started Initial cloud-init job (metadata service crawler).
[[0;32m  OK  [0m] Reached target Network is Online.
         Starting iSCSI initiator daemon (iscsid)...
[[0;32m  OK  [0m] Reached target System Initialization.
[[0;32m  OK  [0m] Started Daily Cleanup of Temporary Directories.
[[0;32m  OK  [0m] Started Daily apt download activities.
[[0;32m  OK  [0m] Started ACPI Events Check.
[[0;32m  OK  [0m] Reached target Paths.
[[0;32m  OK  [0m] Started Message of the Day.
[[0;32m  OK  [0m] Started Ubuntu Advantage Timer for running repeated jobs.
[[0;32m  OK  [0m] Listening on ACPID Listen Socket.
         Starting LXD - unix socket.
         Starting Socket activation for snappy daemon.
[[0;32m  OK  [0m] Started Daily apt upgrade and clean activities.
[[0;32m  OK  [0m] Reached target Timers.
[[0;32m  OK  [0m] Listening on D-Bus System Message Bus Socket.
[[0;32m  OK  [0m] Listening on UUID daemon activation socket.
[[0;32m  OK  [0m] Reached target Cloud-config availability.
[[0;32m  OK  [0m] Listening on LXD - unix socket.
[[0;32m  OK  [0m] Listening on Socket activation for snappy daemon.
[[0;32m  OK  [0m] Reached target Sockets.
[[0;32m  OK  [0m] Reached target Basic System.
         Starting Virtualbox guest utils...
[[0;32m  OK  [0m] Started FUSE filesystem for LXC.
         Starting Accounts Service...
         Starting A high performance web server and a reverse proxy server...
[[0;32m  OK  [0m] Started Regular background program processing daemon.
[[0;32m  OK  [0m] Started ACPI event daemon.
         Starting /etc/rc.local Compatibility...
[[0;32m  OK  [0m] Started Deferred execution scheduler.
         Starting LSB: MD monitoring daemon...
[[0;32m  OK  [0m] Started D-Bus System Message Bus.
         Starting Login Service...
         Starting LSB: Record successful boot for GRUB...
         Starting Snap Daemon...
         Starting OpenBSD Secure Shell server...
         Starting System Logging Service...
         Starting Message of the Day...
         Starting LXD - container startup/shutdown...
[[0;32m  OK  [0m] Started iSCSI initiator daemon (iscsid).
[[0;32m  OK  [0m] Started /etc/rc.local Compatibility.
[[0;32m  OK  [0m] Started Message of the Day.
[[0;32m  OK  [0m] Started System Logging Service.
         Starting Authenticate and Authorize Users to Run Privileged Tasks...
         Starting Login to default iSCSI targets...
[[0;32m  OK  [0m] Started Login Service.
[[0;32m  OK  [0m] Started Unattended Upgrades Shutdown.
[[0;32m  OK  [0m] Started A high performance web server and a reverse proxy server.
[[0;32m  OK  [0m] Started OpenBSD Secure Shell server.
[[0;32m  OK  [0m] Started Authenticate and Authorize Users to Run Privileged Tasks.
[[0;32m  OK  [0m] Started LSB: Record successful boot for GRUB.
[[0;32m  OK  [0m] Started Login to default iSCSI targets.
[[0;32m  OK  [0m] Started LSB: MD monitoring daemon.
[[0;32m  OK  [0m] Started Accounts Service.
[[0;32m  OK  [0m] Reached target Remote File Systems (Pre).
         Mounting /vagrant...
[[0;1;31mFAILED[0m] Failed to mount /vagrant.
See 'systemctl status vagrant.mount' for details.
[[0;1;33mDEPEND[0m] Dependency failed for Remote File Systems.
         Starting Permit User Sessions...
         Starting LSB: Set the CPU Frequency Scaling governor to "ondemand"...
         Starting LSB: automatic crash report generation...
         Starting LSB: daemon to balance interrupts for SMP systems...
[[0;32m  OK  [0m] Started LXD - container startup/shutdown.
[[0;32m  OK  [0m] Started Permit User Sessions.
         Starting Terminate Plymouth Boot Screen...
         Starting Hold until boot process finishes up...
[[0;32m  OK  [0m] Started Terminate Plymouth Boot Screen.
[[0;32m  OK  [0m] Started Hold until boot process finishes up.
         Starting Set console scheme...
[[0;32m  OK  [0m] Started Serial Getty on ttyS0.
[[0;32m  OK  [0m] Started Getty on tty1.
[[0;32m  OK  [0m] Reached target Login Prompts.
[[0;32m  OK  [0m] Started Set console scheme.
[[0;32m  OK  [0m] Started Virtualbox guest utils.
[[0;32m  OK  [0m] Started LSB: Set the CPU Frequency Scaling governor to "ondemand".
[[0;32m  OK  [0m] Started LSB: automatic crash report generation.
[[0;32m  OK  [0m] Started LSB: daemon to balance interrupts for SMP systems.
[[0;32m  OK  [0m] Created slice User Slice of vagrant.
         Starting User Manager for UID 1000...
[[0;32m  OK  [0m] Started Session 1 of user vagrant.
[[0;32m  OK  [0m] Started Snap Daemon.
         Starting Wait until snapd is fully seeded...
[[0;32m  OK  [0m] Started User Manager for UID 1000.
[[0;32m  OK  [0m] Started Wait until snapd is fully seeded.
         Starting Apply the settings specified in cloud-config...

Ubuntu 16.04.7 LTS web01 ttyS0

web01 login: [  108.529983] cloud-init[1422]: Cloud-init v. 21.1-19-gbad84ad4-0ubuntu1~16.04.2 running 'modules:config' at Tue, 26 Jul 2022 13:31:14 +0000. Up 107.02 seconds.
[  121.282399] cloud-init[1584]: Cloud-init v. 21.1-19-gbad84ad4-0ubuntu1~16.04.2 running 'modules:final' at Tue, 26 Jul 2022 13:31:26 +0000. Up 118.98 seconds.
[  121.311318] cloud-init[1584]: Cloud-init v. 21.1-19-gbad84ad4-0ubuntu1~16.04.2 finished at Tue, 26 Jul 2022 13:31:28 +0000. Datasource DataSourceNoCloud [seed=/dev/sdb][dsmode=net].  Up 121.21 seconds
